Determining if the function sgemm_ exists failed with the following output:
Change Dir: /home/qiang/Documents/mapping-open-source/ceres_demo/build/CMakeFiles/CMakeTmp

Run Build Command(s):/usr/bin/make -f Makefile cmTC_f24fa/fast && /usr/bin/make  -f CMakeFiles/cmTC_f24fa.dir/build.make CMakeFiles/cmTC_f24fa.dir/build
make[1]: Entering directory '/home/qiang/Documents/mapping-open-source/ceres_demo/build/CMakeFiles/CMakeTmp'
Building C object CMakeFiles/cmTC_f24fa.dir/CheckFunctionExists.c.o
/usr/bin/cc   -DCHECK_FUNCTION_EXISTS=sgemm_ -o CMakeFiles/cmTC_f24fa.dir/CheckFunctionExists.c.o -c /usr/local/share/cmake-3.22/Modules/CheckFunctionExists.c
Linking C executable cmTC_f24fa
/usr/local/bin/cmake -E cmake_link_script CMakeFiles/cmTC_f24fa.dir/link.txt --verbose=1
/usr/bin/cc  -DCHECK_FUNCTION_EXISTS=sgemm_ CMakeFiles/cmTC_f24fa.dir/CheckFunctionExists.c.o -o cmTC_f24fa 
/usr/bin/ld: CMakeFiles/cmTC_f24fa.dir/CheckFunctionExists.c.o: in function `main':
CheckFunctionExists.c:(.text+0x14): undefined reference to `sgemm_'
collect2: error: ld returned 1 exit status
make[1]: *** [CMakeFiles/cmTC_f24fa.dir/build.make:99: cmTC_f24fa] Error 1
make[1]: Leaving directory '/home/qiang/Documents/mapping-open-source/ceres_demo/build/CMakeFiles/CMakeTmp'
make: *** [Makefile:127: cmTC_f24fa/fast] Error 2



Performing C SOURCE FILE Test CMAKE_HAVE_LIBC_PTHREAD failed with the following output:
Change Dir: /home/qiang/Documents/mapping-open-source/ceres_demo/build/CMakeFiles/CMakeTmp

Run Build Command(s):/usr/bin/make -f Makefile cmTC_e65c0/fast && /usr/bin/make  -f CMakeFiles/cmTC_e65c0.dir/build.make CMakeFiles/cmTC_e65c0.dir/build
make[1]: Entering directory '/home/qiang/Documents/mapping-open-source/ceres_demo/build/CMakeFiles/CMakeTmp'
Building C object CMakeFiles/cmTC_e65c0.dir/src.c.o
/usr/bin/cc -DCMAKE_HAVE_LIBC_PTHREAD   -o CMakeFiles/cmTC_e65c0.dir/src.c.o -c /home/qiang/Documents/mapping-open-source/ceres_demo/build/CMakeFiles/CMakeTmp/src.c
Linking C executable cmTC_e65c0
/usr/local/bin/cmake -E cmake_link_script CMakeFiles/cmTC_e65c0.dir/link.txt --verbose=1
/usr/bin/cc CMakeFiles/cmTC_e65c0.dir/src.c.o -o cmTC_e65c0 
/usr/bin/ld: CMakeFiles/cmTC_e65c0.dir/src.c.o: in function `main':
src.c:(.text+0x46): undefined reference to `pthread_create'
/usr/bin/ld: src.c:(.text+0x52): undefined reference to `pthread_detach'
/usr/bin/ld: src.c:(.text+0x5e): undefined reference to `pthread_cancel'
/usr/bin/ld: src.c:(.text+0x6f): undefined reference to `pthread_join'
collect2: error: ld returned 1 exit status
make[1]: *** [CMakeFiles/cmTC_e65c0.dir/build.make:99: cmTC_e65c0] Error 1
make[1]: Leaving directory '/home/qiang/Documents/mapping-open-source/ceres_demo/build/CMakeFiles/CMakeTmp'
make: *** [Makefile:127: cmTC_e65c0/fast] Error 2


Source file was:
#include <pthread.h>

static void* test_func(void* data)
{
  return data;
}

int main(void)
{
  pthread_t thread;
  pthread_create(&thread, NULL, test_func, NULL);
  pthread_detach(thread);
  pthread_cancel(thread);
  pthread_join(thread, NULL);
  pthread_atfork(NULL, NULL, NULL);
  pthread_exit(NULL);

  return 0;
}

Determining if the function pthread_create exists in the pthreads failed with the following output:
Change Dir: /home/qiang/Documents/mapping-open-source/ceres_demo/build/CMakeFiles/CMakeTmp

Run Build Command(s):/usr/bin/make -f Makefile cmTC_68ae8/fast && /usr/bin/make  -f CMakeFiles/cmTC_68ae8.dir/build.make CMakeFiles/cmTC_68ae8.dir/build
make[1]: Entering directory '/home/qiang/Documents/mapping-open-source/ceres_demo/build/CMakeFiles/CMakeTmp'
Building C object CMakeFiles/cmTC_68ae8.dir/CheckFunctionExists.c.o
/usr/bin/cc   -DCHECK_FUNCTION_EXISTS=pthread_create -o CMakeFiles/cmTC_68ae8.dir/CheckFunctionExists.c.o -c /usr/local/share/cmake-3.22/Modules/CheckFunctionExists.c
Linking C executable cmTC_68ae8
/usr/local/bin/cmake -E cmake_link_script CMakeFiles/cmTC_68ae8.dir/link.txt --verbose=1
/usr/bin/cc  -DCHECK_FUNCTION_EXISTS=pthread_create CMakeFiles/cmTC_68ae8.dir/CheckFunctionExists.c.o -o cmTC_68ae8  -lpthreads 
/usr/bin/ld: cannot find -lpthreads
collect2: error: ld returned 1 exit status
make[1]: *** [CMakeFiles/cmTC_68ae8.dir/build.make:99: cmTC_68ae8] Error 1
make[1]: Leaving directory '/home/qiang/Documents/mapping-open-source/ceres_demo/build/CMakeFiles/CMakeTmp'
make: *** [Makefile:127: cmTC_68ae8/fast] Error 2



Determining if the function cheev_ exists failed with the following output:
Change Dir: /home/qiang/Documents/mapping-open-source/ceres_demo/build/CMakeFiles/CMakeTmp

Run Build Command(s):/usr/bin/make -f Makefile cmTC_59a42/fast && /usr/bin/make  -f CMakeFiles/cmTC_59a42.dir/build.make CMakeFiles/cmTC_59a42.dir/build
make[1]: Entering directory '/home/qiang/Documents/mapping-open-source/ceres_demo/build/CMakeFiles/CMakeTmp'
Building C object CMakeFiles/cmTC_59a42.dir/CheckFunctionExists.c.o
/usr/bin/cc   -DCHECK_FUNCTION_EXISTS=cheev_ -o CMakeFiles/cmTC_59a42.dir/CheckFunctionExists.c.o -c /usr/local/share/cmake-3.22/Modules/CheckFunctionExists.c
Linking C executable cmTC_59a42
/usr/local/bin/cmake -E cmake_link_script CMakeFiles/cmTC_59a42.dir/link.txt --verbose=1
/usr/bin/cc  -DCHECK_FUNCTION_EXISTS=cheev_ CMakeFiles/cmTC_59a42.dir/CheckFunctionExists.c.o -o cmTC_59a42  /usr/lib/x86_64-linux-gnu/libblas.so -lpthread -lm -ldl 
/usr/bin/ld: CMakeFiles/cmTC_59a42.dir/CheckFunctionExists.c.o: in function `main':
CheckFunctionExists.c:(.text+0x14): undefined reference to `cheev_'
collect2: error: ld returned 1 exit status
make[1]: *** [CMakeFiles/cmTC_59a42.dir/build.make:100: cmTC_59a42] Error 1
make[1]: Leaving directory '/home/qiang/Documents/mapping-open-source/ceres_demo/build/CMakeFiles/CMakeTmp'
make: *** [Makefile:127: cmTC_59a42/fast] Error 2



Determining if the function cheev_ exists failed with the following output:
Change Dir: /home/qiang/Documents/mapping-open-source/ceres_demo/build/CMakeFiles/CMakeTmp

Run Build Command(s):/usr/bin/make -f Makefile cmTC_35e3a/fast && /usr/bin/make  -f CMakeFiles/cmTC_35e3a.dir/build.make CMakeFiles/cmTC_35e3a.dir/build
make[1]: Entering directory '/home/qiang/Documents/mapping-open-source/ceres_demo/build/CMakeFiles/CMakeTmp'
Building C object CMakeFiles/cmTC_35e3a.dir/CheckFunctionExists.c.o
/usr/bin/cc   -DCHECK_FUNCTION_EXISTS=cheev_ -o CMakeFiles/cmTC_35e3a.dir/CheckFunctionExists.c.o -c /usr/local/share/cmake-3.22/Modules/CheckFunctionExists.c
Linking C executable cmTC_35e3a
/usr/local/bin/cmake -E cmake_link_script CMakeFiles/cmTC_35e3a.dir/link.txt --verbose=1
/usr/bin/cc  -DCHECK_FUNCTION_EXISTS=cheev_ CMakeFiles/cmTC_35e3a.dir/CheckFunctionExists.c.o -o cmTC_35e3a  /usr/lib/x86_64-linux-gnu/liblapack.so /usr/lib/x86_64-linux-gnu/libblas.so -fortranlibs 
cc: error: unrecognized command line option ‘-fortranlibs’
make[1]: *** [CMakeFiles/cmTC_35e3a.dir/build.make:101: cmTC_35e3a] Error 1
make[1]: Leaving directory '/home/qiang/Documents/mapping-open-source/ceres_demo/build/CMakeFiles/CMakeTmp'
make: *** [Makefile:127: cmTC_35e3a/fast] Error 2



